// Jest Snapshot v1, https://goo.gl/fbAQLP

exports[`BaseButton.vue has the expected html structure 1`] = `
<button
  class="base-button"
/>
`;
