// Jest Snapshot v1, https://goo.gl/fbAQLP

exports[`PhotoSlideItem should match snapshot 1`] = `<transition-stub name="slide-right"></transition-stub>`;
