// Jest Snapshot v1, https://goo.gl/fbAQLP

exports[`BaseButtonRouter.vue has the expected html structure 1`] = `
<button
  class="base-button-router"
>
  <router-link-stub
    ariacurrentvalue="page"
    event="click"
    tag="a"
    to="[object Object]"
  />
</button>
`;
