// Jest Snapshot v1, https://goo.gl/fbAQLP

exports[`WishListPage.vue renders a valid snapshot 1`] = `
<div
  class="wishlist__wrapper"
/>
`;

exports[`WishlistPage.vue renders a valid snapshot 1`] = `
<div
  class="wishlist__wrapper"
/>
`;
