// Jest Snapshot v1, https://goo.gl/fbAQLP

exports[`BaseTextButton.vue renders a valid snapshot 1`] = `
<basebutton-stub
  class="base-base-text-button"
/>
`;
