// Jest Snapshot v1, https://goo.gl/fbAQLP

exports[`EmptyCartButton.vue renders a valid snapshot 1`] = `
<base-text-border-button-stub
  class="empty-cart-button"
  color="custom-grey"
>
  
  Empty cart

</base-text-border-button-stub>
`;
