// Jest Snapshot v1, https://goo.gl/fbAQLP

exports[`ButtonDefault.vue renders a valid snapshot 1`] = `
<basetextbutton-stub
  class="button-default"
/>
`;
