// Jest Snapshot v1, https://goo.gl/fbAQLP

exports[`PLPSearchBar should render correctly and match valid snapshot 1`] = `
<div
  class="plp-search-bar"
>
  <select-field-stub
    categories="a,b,c"
  />
   
  <search-field-stub
    placeholder="Search by product name/description"
  />
</div>
`;
