// Jest Snapshot v1, https://goo.gl/fbAQLP

exports[`SelectFieldItem should render correctly and match snapshot 1`] = `
<li>
  
  

</li>
`;
