// Jest Snapshot v1, https://goo.gl/fbAQLP

exports[`ShoppingCartIcon should match snapshot 1`] = `undefined`;
