// Jest Snapshot v1, https://goo.gl/fbAQLP

exports[`ProductPrice renders correctly 1`] = `
<div
  class="product-price"
/>
`;
