// Jest Snapshot v1, https://goo.gl/fbAQLP

exports[`Footer renders a valid snapshot 1`] = `
<div
  class="footer-wrapper"
>
  <span>
    EPAM Systems Â© 2022
  </span>
</div>
`;
